https://www.travelweekly.com/Hotels/Hangzhou-China/Zuiyi-City-Hotel-Hangzhou-p50448539
